
> test:e2e
> npm run test:e2e:baseline && npm run test:e2e:main && npm run test:e2e:showcase


> test:e2e:baseline
> playwright test tests/baseline.spec.ts


Running 1 test using 1 worker

  ✓  1 [baseline] › tests/baseline.spec.ts:76:1 › capture current production behavior, geometry, console, and visual baselines (8.4s)

  1 passed (9.0s)

> test:e2e:main
> playwright test --project=chromium


Running 170 tests using 7 workers

  ✓    6 [chromium] › tests/layout.spec.ts:89:5 › responsive workspace shell geometry › leads with the board above the DESIGN.md 8.3 threshold on a first visit at 375x812 (329ms)
  ✓    4 [chromium] › tests/metadata.spec.ts:40:1 › exposes complete route metadata and loads every production resource cleanly (528ms)
  ✓    2 [chromium] › tests/navigation.spec.ts:24:3 › workspace navigation accessibility › marks exactly one active link with a non-color indicator and stronger weight (564ms)
  ✓    8 [chromium] › tests/layout.spec.ts:103:5 › responsive workspace shell geometry › orders board, status, navigation, and inspector down the column at 375x812 (245ms)
  ✓    1 [chromium] › tests/board.spec.ts:156:5 › board presentation contract › keeps the DESIGN.md 2.2 frozen square fills byte-exact at 375x812 (628ms)
  ✓    3 [chromium] › tests/games.spec.ts:91:3 › master-game library and replay workspace › narrows the library by search and reports the result count (638ms)
  ✓   11 [chromium] › tests/layout.spec.ts:89:5 › responsive workspace shell geometry › leads with the board above the DESIGN.md 8.3 threshold on a first visit at 390x844 (207ms)
  ✓    9 [chromium] › tests/onboarding.spec.ts:131:5 › first-visit workspace guide › greets a first visit with a semantic modal dialog at 375x812 (288ms)
  ✓   14 [chromium] › tests/layout.spec.ts:103:5 › responsive workspace shell geometry › orders board, status, navigation, and inspector down the column at 390x844 (183ms)
  ✓   10 [chromium] › tests/navigation.spec.ts:40:3 › workspace navigation accessibility › keeps every workspace link at least 44 by 44 CSS pixels at 375px (447ms)
  ✓    7 [chromium] › tests/a11y.spec.ts:122:5 › workspace accessibility contract › passes an axe audit on /play (1.0s)
  ✓   13 [chromium] › tests/games.spec.ts:113:3 › master-game library and replay workspace › regroups the library when a facet is chosen (522ms)
  ✓   12 [chromium] › tests/board.spec.ts:156:5 › board presentation contract › keeps the DESIGN.md 2.2 frozen square fills byte-exact at 1280x800 (551ms)
  ✓   16 [chromium] › tests/layout.spec.ts:123:5 › responsive workspace shell geometry › top-aligns the board and the inspector at 1024x768 (211ms)
  ✓   15 [chromium] › tests/onboarding.spec.ts:157:5 › first-visit workspace guide › keeps every guide target at or above 44px at 375x812 (388ms)
  ✓   20 [chromium] › tests/board.spec.ts:177:3 › board presentation contract › holds one stable square through engine boot, with no layout shift (207ms)
  ✓   21 [chromium] › tests/layout.spec.ts:123:5 › responsive workspace shell geometry › top-aligns the board and the inspector at 1280x800 (215ms)
  ✓   22 [chromium] › tests/onboarding.spec.ts:131:5 › first-visit workspace guide › greets a first visit with a semantic modal dialog at 1440x1000 (262ms)
  ✓   24 [chromium] › tests/layout.spec.ts:123:5 › responsive workspace shell geometry › top-aligns the board and the inspector at 1440x1000 (273ms)
  ✓   19 [chromium] › tests/games.spec.ts:138:3 › master-game library and replay workspace › shows the selected game’s full context and swaps it on a new selection (558ms)
  ✓   17 [chromium] › tests/navigation.spec.ts:53:3 › workspace navigation accessibility › reaches every workspace by Tab and Enter and moves focus to its route heading (827ms)
  ✓   26 [chromium] › tests/layout.spec.ts:138:5 › responsive workspace shell geometry › fits the whole board on screen without scrolling at 1024x768 (211ms)
  ✓   18 [chromium] › tests/a11y.spec.ts:122:5 › workspace accessibility contract › passes an axe audit on /openings (897ms)
  ✓   25 [chromium] › tests/onboarding.spec.ts:157:5 › first-visit workspace guide › keeps every guide target at or above 44px at 1440x1000 (524ms)
  ✓   29 [chromium] › tests/layout.spec.ts:150:5 › responsive workspace shell geometry › centres a balanced single-column board at 768x900 (179ms)
  ✓   28 [chromium] › tests/navigation.spec.ts:66:5 › workspace navigation accessibility › has no horizontal overflow at 375px (409ms)
  ✓   23 [chromium] › tests/board.spec.ts:206:3 › board presentation contract › gives the selected square and its last move cues that survive without colour (888ms)
  ✓   31 [chromium] › tests/onboarding.spec.ts:177:3 › first-visit workspace guide › holds the board above y=560 while the guide is open at 375x812 (437ms)
  ✓   27 [chromium] › tests/games.spec.ts:168:3 › master-game library and replay workspace › plays the selected game through on the single mounted board (794ms)
  ✓   32 [chromium] › tests/layout.spec.ts:163:5 › responsive workspace shell geometry › has zero horizontal overflow at 375x812 (424ms)
  ✓   33 [chromium] › tests/navigation.spec.ts:66:5 › workspace navigation accessibility › has no horizontal overflow at 768px (420ms)
  ✓   30 [chromium] › tests/a11y.spec.ts:122:5 › workspace accessibility contract › passes an axe audit on /games (825ms)
  ✓   37 [chromium] › tests/layout.spec.ts:163:5 › responsive workspace shell geometry › has zero horizontal overflow at 390x844 (434ms)
  ✓   35 [chromium] › tests/onboarding.spec.ts:191:3 › first-visit workspace guide › moves focus into the guide, traps it, and restores it to the invoker on Escape (586ms)
  ✓   38 [chromium] › tests/navigation.spec.ts:66:5 › workspace navigation accessibility › has no horizontal overflow at 1280px (411ms)
  ✓    5 [chromium] › tests/feedback.spec.ts:112:3 › promotion is a named, keyboard-operable dialog that returns focus at 375px (3.4s)
  ✓   40 [chromium] › tests/layout.spec.ts:163:5 › responsive workspace shell geometry › has zero horizontal overflow at 768x900 (437ms)
  ✓   39 [chromium] › tests/a11y.spec.ts:122:5 › workspace accessibility contract › passes an axe audit on /study (782ms)
  ✓   42 [chromium] › tests/navigation.spec.ts:75:3 › workspace navigation accessibility › applies safe-area padding through the marked navigation track (445ms)
  ✓   41 [chromium] › tests/onboarding.spec.ts:220:3 › first-visit workspace guide › closes on a backdrop click and still returns focus to the invoker (587ms)
  ✓   44 [chromium] › tests/layout.spec.ts:163:5 › responsive workspace shell geometry › has zero horizontal overflow at 1024x768 (451ms)
  ✓   45 [chromium] › tests/a11y.spec.ts:139:5 › workspace accessibility contract › exposes landmarks, one heading order, and a working skip link on /play (531ms)
  ✓   46 [chromium] › tests/openings.spec.ts:71:3 › openings: discovery, then focused training › browsing and training are different surfaces, not one merged view (559ms)
  ✓   47 [chromium] › tests/onboarding.spec.ts:237:3 › first-visit workspace guide › reopens from the header with the keyboard and returns focus there (535ms)
  ✓   48 [chromium] › tests/layout.spec.ts:163:5 › responsive workspace shell geometry › has zero horizontal overflow at 1280x800 (470ms)
  ✓   49 [chromium] › tests/a11y.spec.ts:139:5 › workspace accessibility contract › exposes landmarks, one heading order, and a working skip link on /openings (477ms)
  ✓   34 [chromium] › tests/board.spec.ts:229:3 › board presentation contract › gives a king in check a double ring, not just a red square (2.3s)
  ✓   50 [chromium] › tests/openings.spec.ts:96:3 › openings: discovery, then focused training › offers exactly one start-training action while browsing (502ms)
  ✓   52 [chromium] › tests/layout.spec.ts:163:5 › responsive workspace shell geometry › has zero horizontal overflow at 1440x1000 (507ms)
  ✓   51 [chromium] › tests/onboarding.spec.ts:257:5 › first-visit workspace guide › on a touch phone › reopens from a touch tap at 375x812 (728ms)
  ✓   53 [chromium] › tests/a11y.spec.ts:139:5 › workspace accessibility contract › exposes landmarks, one heading order, and a working skip link on /games (477ms)
  ✓   55 [chromium] › tests/openings.spec.ts:115:3 › openings: discovery, then focused training › an empty search explains itself and offers a way back (501ms)
  ✓   54 [chromium] › tests/board.spec.ts:242:3 › board presentation contract › gives a hint a dashed ring so it cannot be read as a selection (586ms)
  ✓   56 [chromium] › tests/layout.spec.ts:177:3 › responsive workspace shell geometry › keeps every primary shell target at least 44px at 375x812 (434ms)
  ✓   57 [chromium] › tests/onboarding.spec.ts:271:3 › first-visit workspace guide › persists its dismissal across a reload and reopens on demand (549ms)
  ✓   61 [chromium] › tests/layout.spec.ts:192:5 › responsive workspace shell geometry › keeps the GPL licence notice present and legible at 375x812 (205ms)
  ✓   58 [chromium] › tests/a11y.spec.ts:139:5 › workspace accessibility contract › exposes landmarks, one heading order, and a working skip link on /study (480ms)
  ✓   59 [chromium] › tests/openings.spec.ts:137:3 › openings: discovery, then focused training › names the load as it happens instead of showing an empty panel (499ms)
  ✓   63 [chromium] › tests/layout.spec.ts:192:5 › responsive workspace shell geometry › keeps the GPL licence notice present and legible at 1280x800 (208ms)
  ✓   66 [chromium] › tests/layout.spec.ts:210:3 › responsive workspace shell geometry › holds the board above the threshold while the engine is still loading (179ms)
  ✓   62 [chromium] › tests/onboarding.spec.ts:295:7 › first-visit workspace guide › navigates to Play from its guide choice at 375x812 (421ms)
  ✓   64 [chromium] › tests/a11y.spec.ts:167:3 › workspace accessibility contract › states the whole position, the turn and the instructions before a move is played (511ms)
  ✓   67 [chromium] › tests/layout.spec.ts:239:5 › responsive workspace shell geometry › holds its geometry under the longest status copy at 375x812 (177ms)
  ✓   65 [chromium] › tests/openings.spec.ts:162:3 › openings: discovery, then focused training › reports a failed database load in plain language and retries (503ms)
  ✓   60 [chromium] › tests/board.spec.ts:256:3 › board presentation contract › grades a reviewed move with a glyph, and announces browsing in words (1.0s)
  ✓   70 [chromium] › tests/layout.spec.ts:239:5 › responsive workspace shell geometry › holds its geometry under the longest status copy at 1280x800 (219ms)
  ✓   68 [chromium] › tests/onboarding.spec.ts:295:7 › first-visit workspace guide › navigates to Openings from its guide choice at 375x812 (465ms)
  ✓   73 [chromium] › tests/play.spec.ts:88:3 › play workspace: one primary action and a readable hierarchy › offers exactly one primary call to action, and it is New game (413ms)
  ✓   69 [chromium] › tests/a11y.spec.ts:189:3 › workspace accessibility contract › updates the accessible position after e4 (766ms)
  ✓   74 [chromium] › tests/onboarding.spec.ts:295:7 › first-visit workspace guide › navigates to Games from its guide choice at 375x812 (458ms)
  ✓   36 [chromium] › tests/games.spec.ts:193:3 › master-game library and replay workspace › keeps the game’s context and a stop control visible while replaying (4.4s)
  ✓   43 [chromium] › tests/feedback.spec.ts:112:3 › promotion is a named, keyboard-operable dialog that returns focus at 1280px (3.7s)
  ✓   71 [chromium] › tests/openings.spec.ts:190:3 › openings: discovery, then focused training › a training session survives leaving the route and coming back (957ms)
  ✓   75 [chromium] › tests/play.spec.ts:102:3 › play workspace: one primary action and a readable hierarchy › keeps flip and take back present but subordinate to New game (403ms)
  ✓   77 [chromium] › tests/onboarding.spec.ts:295:7 › first-visit workspace guide › navigates to Study from its guide choice at 375x812 (451ms)
  ✓   78 [chromium] › tests/games.spec.ts:216:3 › master-game library and replay workspace › never leaves a filtered-away selection on screen and offers a way back (556ms)
  ✓   81 [chromium] › tests/play.spec.ts:115:3 › play workspace: one primary action and a readable hierarchy › separates the engine demonstrations from the setup flow (418ms)
  ✓   80 [chromium] › tests/openings.spec.ts:213:3 › openings: discovery, then focused training › a hint is reachable inside training, and leaving returns to that opening (638ms)
  ✓   82 [chromium] › tests/onboarding.spec.ts:295:7 › first-visit workspace guide › navigates to Play from its guide choice at 1440x1000 (472ms)
  ✓   83 [chromium] › tests/games.spec.ts:254:3 › master-game library and replay workspace › repoints the selection when a narrowing filter drops the current game (478ms)
  ✓   84 [chromium] › tests/play.spec.ts:130:3 › play workspace: one primary action and a readable hierarchy › labels every control it offers (451ms)
  ✓   79 [chromium] › tests/feedback.spec.ts:163:5 › toast › announces a clipboard success politely without moving focus at 375px (1.1s)
  ✓   86 [chromium] › tests/onboarding.spec.ts:295:7 › first-visit workspace guide › navigates to Openings from its guide choice at 1440x1000 (522ms)
  ✓   85 [chromium] › tests/openings.spec.ts:235:3 › openings: discovery, then focused training › a training session ends when the board is taken by another route (647ms)
  ✓   87 [chromium] › tests/games.spec.ts:279:5 › master-game library and replay workspace › keeps every library control reachable and unclipped at 375x812 (463ms)
  ✓   88 [chromium] › tests/play.spec.ts:158:3 › play workspace: one primary action and a readable hierarchy › announces a committed difficulty change without narrating every tick (434ms)
  ✓   72 [chromium] › tests/board.spec.ts:284:3 › board presentation contract › draws every board state with a different shape (2.4s)
  ✓   76 [chromium] › tests/a11y.spec.ts:206:3 › workspace accessibility contract › announces a king in check in words, not only as a red square (2.0s)
  ✓   90 [chromium] › tests/onboarding.spec.ts:295:7 › first-visit workspace guide › navigates to Games from its guide choice at 1440x1000 (493ms)
  ✓   93 [chromium] › tests/play.spec.ts:173:3 › play workspace: one primary action and a readable hierarchy › renders no copy below the DESIGN.md 3.2 12px floor (428ms)
  ✓   91 [chromium] › tests/openings.spec.ts:250:5 › openings: discovery, then focused training › keeps every openings state within 375px (499ms)
  ✓   92 [chromium] › tests/games.spec.ts:279:5 › master-game library and replay workspace › keeps every library control reachable and unclipped at 768x1024 (494ms)
  ✓   94 [chromium] › tests/board.spec.ts:321:5 › board presentation contract › keeps coordinates and the evaluation readout legible at 375x812 (467ms)
  ✓   96 [chromium] › tests/onboarding.spec.ts:295:7 › first-visit workspace guide › navigates to Study from its guide choice at 1440x1000 (503ms)
  ✓   89 [chromium] › tests/feedback.spec.ts:163:5 › toast › announces a clipboard success politely without moving focus at 1280px (1.2s)
  ✓   97 [chromium] › tests/play.spec.ts:195:3 › play workspace: one primary action and a readable hierarchy › keeps every target at least 44px at 375x812 (464ms)
  ✓   99 [chromium] › tests/games.spec.ts:279:5 › master-game library and replay workspace › keeps every library control reachable and unclipped at 1280x800 (529ms)
  ✓   98 [chromium] › tests/openings.spec.ts:250:5 › openings: discovery, then focused training › keeps every openings state within 768px (558ms)
  ✓  100 [chromium] › tests/board.spec.ts:321:5 › board presentation contract › keeps coordinates and the evaluation readout legible at 768x900 (452ms)
  ✓  105 [chromium] › tests/routes.spec.ts:75:3 › routed persistent workspace › redirects the application root to the Play workspace (192ms)
  ✓  103 [chromium] › tests/play.spec.ts:214:5 › play workspace: one primary action and a readable hierarchy › never overflows at 375x812 (418ms)
  ✓  107 [chromium] › tests/routes.spec.ts:83:5 › routed persistent workspace › deep-links to the Play workspace with route semantics (175ms)
  ✓  101 [chromium] › tests/onboarding.spec.ts:313:3 › first-visit workspace guide › explains a route that has nothing to show yet (568ms)
  ✓  104 [chromium] › tests/openings.spec.ts:250:5 › openings: discovery, then focused training › keeps every openings state within 1280px (550ms)
  ✓  106 [chromium] › tests/board.spec.ts:321:5 › board presentation contract › keeps coordinates and the evaluation readout legible at 1024x768 (515ms)
  ✓  109 [chromium] › tests/routes.spec.ts:91:5 › routed persistent workspace › preserves the Play workspace across a full refresh (225ms)
  ✓  108 [chromium] › tests/play.spec.ts:214:5 › play workspace: one primary action and a readable hierarchy › never overflows at 768x900 (443ms)
  ✓  102 [chromium] › tests/feedback.spec.ts:202:3 › toast › announces a clipboard failure assertively, still without moving focus (911ms)
  ✓  113 [chromium] › tests/routes.spec.ts:83:5 › routed persistent workspace › deep-links to the Openings workspace with route semantics (212ms)
  ✓  116 [chromium] › tests/routes.spec.ts:91:5 › routed persistent workspace › preserves the Openings workspace across a full refresh (231ms)
  ✓  112 [chromium] › tests/board.spec.ts:321:5 › board presentation contract › keeps coordinates and the evaluation readout legible at 1280x800 (497ms)
  ✓  111 [chromium] › tests/openings.spec.ts:268:3 › openings: discovery, then focused training › keeps every openings control at least 44px on the smallest phone (554ms)
  ✓  114 [chromium] › tests/play.spec.ts:214:5 › play workspace: one primary action and a readable hierarchy › never overflows at 1280x800 (459ms)
  ✓  117 [chromium] › tests/routes.spec.ts:83:5 › routed persistent workspace › deep-links to the Games workspace with route semantics (189ms)
  ✓  121 [chromium] › tests/routes.spec.ts:91:5 › routed persistent workspace › preserves the Games workspace across a full refresh (223ms)
  ✓  115 [chromium] › tests/feedback.spec.ts:238:3 › engine state › reports a boot failure in language and recovers through its own retry (764ms)
  ✓  122 [chromium] › tests/routes.spec.ts:83:5 › routed persistent workspace › deep-links to the Study workspace with route semantics (161ms)
  ✓  119 [chromium] › tests/openings.spec.ts:289:3 › openings: discovery, then focused training › renders no openings copy below the 12px type floor (603ms)
  ✓  124 [chromium] › tests/routes.spec.ts:91:5 › routed persistent workspace › preserves the Study workspace across a full refresh (191ms)
  ✓  120 [chromium] › tests/play.spec.ts:232:3 › play workspace: one primary action and a readable hierarchy › keeps side, difficulty, and think time across a trip to Study and back (617ms)
  ✓  118 [chromium] › tests/board.spec.ts:348:3 › board presentation contract › keeps the whole board above the fold at 1024x768 (888ms)
  ✓  123 [chromium] › tests/feedback.spec.ts:264:3 › engine state › keeps the engine wait in the header, so the panel never shifts under the player (482ms)
  ✓  125 [chromium] › tests/study.spec.ts:112:3 › study: guided review beside open analysis › offers Review and Analysis as separate surfaces that never carry equal weight (494ms)
  ✓  127 [chromium] › tests/play.spec.ts:261:3 › play workspace: one primary action and a readable hierarchy › starts and stops a watched engine game from the demonstration surface (442ms)
  ✓  126 [chromium] › tests/routes.spec.ts:103:3 › routed persistent workspace › uses browser back and forward history between workspaces (508ms)
  ✓  128 [chromium] › tests/board.spec.ts:374:3 › board presentation contract › moves pieces and the evaluation on transform only (450ms)
  ✓  131 [chromium] › tests/workspace-regression.spec.ts:64:3 › workspace regression matrix › proves the first-use board leads instead of retaining the recorded pre-redesign geometry (167ms)
  ✓  129 [chromium] › tests/feedback.spec.ts:289:5 › empty and error states › a search with no results explains itself and offers a way out at 375px (508ms)
  ✓  132 [chromium] › tests/routes.spec.ts:116:3 › routed persistent workspace › renders an unknown in-app path inside the application shell instead of a hard 404 (168ms)
  ✓   95 [chromium] › tests/a11y.spec.ts:227:3 › workspace accessibility contract › updates the accessible position through a promotion (3.3s)
  ✓  134 [chromium] › tests/workspace-regression.spec.ts:81:7 › workspace regression matrix › matches the stable Play workspace at mobile (304ms)
  ✓  138 [chromium] › tests/workspace-regression.spec.ts:81:7 › workspace regression matrix › matches the stable Openings workspace at mobile (264ms)
  ✓  135 [chromium] › tests/feedback.spec.ts:289:5 › empty and error states › a search with no results explains itself and offers a way out at 1280px (624ms)
  ✓  133 [chromium] › tests/board.spec.ts:400:3 › board presentation contract › lights the board rim only while it is engaged (855ms)
  ✓  139 [chromium] › tests/workspace-regression.spec.ts:81:7 › workspace regression matrix › matches the stable Games workspace at mobile (247ms)
  ✓  142 [chromium] › tests/workspace-regression.spec.ts:81:7 › workspace regression matrix › matches the stable Study workspace at mobile (251ms)
  ✓  140 [chromium] › tests/feedback.spec.ts:307:3 › empty and error states › a fresh Study route reports its empty regions instead of rendering blanks (447ms)
  ✓  143 [chromium] › tests/workspace-regression.spec.ts:81:7 › workspace regression matrix › matches the stable Play workspace at desktop (365ms)
  ✓  144 [chromium] › tests/feedback.spec.ts:318:3 › empty and error states › an unknown workspace path recovers through an empty state rather than a blank shell (538ms)
  ✓  137 [chromium] › tests/a11y.spec.ts:257:3 › workspace accessibility contract › follows the board back through history and into the live position (1.5s)
  ✓  141 [chromium] › tests/board.spec.ts:412:3 › board presentation contract › completes a drag move as well as a click move (925ms)
  ✓  145 [chromium] › tests/workspace-regression.spec.ts:81:7 › workspace regression matrix › matches the stable Openings workspace at desktop (391ms)
  ✓  146 [chromium] › tests/feedback.spec.ts:332:3 › empty and error states › a failed opening database keeps its plain-language error and its retry (496ms)
  ✓  148 [chromium] › tests/board.spec.ts:425:5 › board presentation contract › under reduced motion › repositions the piece instantly instead of dropping the move (433ms)
  ✓  149 [chromium] › tests/workspace-regression.spec.ts:81:7 › workspace regression matrix › matches the stable Games workspace at desktop (425ms)
  ✓  147 [chromium] › tests/a11y.spec.ts:279:3 › workspace accessibility contract › lets a keyboard-only player select a square and complete a move (771ms)
  ✓  151 [chromium] › tests/workspace-regression.spec.ts:81:7 › workspace regression matrix › matches the stable Study workspace at desktop (338ms)
  ✓  150 [chromium] › tests/feedback.spec.ts:350:3 › reduced motion › collapses every dialog and toast animation while keeping both legible (551ms)
  ✓  152 [chromium] › tests/a11y.spec.ts:305:3 › workspace accessibility contract › refuses an illegal instruction with a reason instead of silence (477ms)
  ✓  153 [chromium] › tests/workspace-regression.spec.ts:103:3 › workspace regression matrix › keeps an in-progress position through browser back and forward history (590ms)
  ✓  130 [chromium] › tests/study.spec.ts:154:3 › study: guided review beside open analysis › walks a game through review, a stepped move, Explore, exit and Copy PGN (3.6s)
  ✓  154 [chromium] › tests/a11y.spec.ts:317:3 › workspace accessibility contract › gives every keyboard target a 44px hit area at 375x812 (409ms)
  ✓  155 [chromium] › tests/workspace-regression.spec.ts:125:5 › workspace regression matrix › opens and escapes contextual help without focus loss on Play (225ms)
  ✓  136 [chromium] › tests/routes.spec.ts:127:3 › routed persistent workspace › keeps one board, the exact game, move history, and settings while routes change (3.4s)
  ✓  158 [chromium] › tests/workspace-regression.spec.ts:125:5 › workspace regression matrix › opens and escapes contextual help without focus loss on Openings (210ms)
  ✓  159 [chromium] › tests/workspace-regression.spec.ts:125:5 › workspace regression matrix › opens and escapes contextual help without focus loss on Games (202ms)
  ✓  157 [chromium] › tests/a11y.spec.ts:363:5 › workspace accessibility contract › keeps content and function at 1280x800 zoomed to 200% (628ms)
  ✓  160 [chromium] › tests/workspace-regression.spec.ts:125:5 › workspace regression matrix › opens and escapes contextual help without focus loss on Study (211ms)
  ✓  162 [chromium] › tests/workspace-regression.spec.ts:138:5 › workspace regression matrix › contains Play under short-height long and empty-content stress (205ms)
  ✓  163 [chromium] › tests/workspace-regression.spec.ts:138:5 › workspace regression matrix › contains Openings under short-height long and empty-content stress (191ms)
  ✓  161 [chromium] › tests/a11y.spec.ts:363:5 › workspace accessibility contract › keeps content and function at the WCAG 1.4.10 reflow floor of 320 CSS px (595ms)
  ✓  164 [chromium] › tests/workspace-regression.spec.ts:138:5 › workspace regression matrix › contains Games under short-height long and empty-content stress (176ms)
  ✓  166 [chromium] › tests/workspace-regression.spec.ts:138:5 › workspace regression matrix › contains Study under short-height long and empty-content stress (213ms)
  ✓  165 [chromium] › tests/a11y.spec.ts:383:3 › workspace accessibility contract › keeps the selection, last move and check distinguishable by shape (680ms)
  ✓  167 [chromium] › tests/a11y.spec.ts:408:5 › workspace accessibility contract › under reduced motion › collapses every animation and loses no state (305ms)
  ✓  168 [chromium] › tests/a11y.spec.ts:442:3 › workspace accessibility contract › never displaces the board with the accessible surface (409ms)
  ✓  156 [chromium] › tests/study.spec.ts:198:3 › study: guided review beside open analysis › keeps the reviewed position while the chosen surface changes (3.5s)
  ✓  169 [chromium] › tests/study.spec.ts:218:3 › study: guided review beside open analysis › drives the sub-navigation from the keyboard alone (417ms)
  ✓  170 [chromium] › tests/study.spec.ts:243:3 › study: guided review beside open analysis › fits 375px with every study target at least 44px (403ms)
  ✓  110 [chromium] › tests/smoke.spec.ts:9:1 › P3 mode-model smoke (54.3s)

  170 passed (1.1m)

> test:e2e:showcase
> playwright test --config=playwright.showcase.config.ts


Running 3 tests using 1 worker

  ✓  1 tests/showcase.spec.ts:54:3 › dev-only primitive showcase remains accessible at 375px (1.4s)
  ✓  2 tests/showcase.spec.ts:54:3 › dev-only primitive showcase remains accessible at 768px (1.2s)
  ✓  3 tests/showcase.spec.ts:54:3 › dev-only primitive showcase remains accessible at 1280px (1.3s)

  3 passed (4.6s)
