
> test:e2e
> npm run test:e2e:baseline && npm run test:e2e:main && npm run test:e2e:showcase


> test:e2e:baseline
> playwright test tests/baseline.spec.ts


Running 1 test using 1 worker

  ✓  1 [baseline] › tests/baseline.spec.ts:76:1 › capture current production behavior, geometry, console, and visual baselines (8.2s)

  1 passed (8.9s)

> test:e2e:main
> playwright test --project=chromium


Running 170 tests using 7 workers

  ✓    4 [chromium] › tests/layout.spec.ts:89:5 › responsive workspace shell geometry › leads with the board above the DESIGN.md 8.3 threshold on a first visit at 375x812 (318ms)
  ✓    1 [chromium] › tests/metadata.spec.ts:40:1 › exposes complete route metadata and loads every production resource cleanly (504ms)
  ✓    3 [chromium] › tests/navigation.spec.ts:24:3 › workspace navigation accessibility › marks exactly one active link with a non-color indicator and stronger weight (558ms)
  ✓    8 [chromium] › tests/layout.spec.ts:103:5 › responsive workspace shell geometry › orders board, status, navigation, and inspector down the column at 375x812 (247ms)
  ✓    6 [chromium] › tests/games.spec.ts:91:3 › master-game library and replay workspace › narrows the library by search and reports the result count (605ms)
  ✓    5 [chromium] › tests/board.spec.ts:156:5 › board presentation contract › keeps the DESIGN.md 2.2 frozen square fills byte-exact at 375x812 (627ms)
  ✓   11 [chromium] › tests/layout.spec.ts:89:5 › responsive workspace shell geometry › leads with the board above the DESIGN.md 8.3 threshold on a first visit at 390x844 (218ms)
  ✓    9 [chromium] › tests/onboarding.spec.ts:131:5 › first-visit workspace guide › greets a first visit with a semantic modal dialog at 375x812 (303ms)
  ✓   14 [chromium] › tests/layout.spec.ts:103:5 › responsive workspace shell geometry › orders board, status, navigation, and inspector down the column at 390x844 (187ms)
  ✓   10 [chromium] › tests/navigation.spec.ts:40:3 › workspace navigation accessibility › keeps every workspace link at least 44 by 44 CSS pixels at 375px (453ms)
  ✓    7 [chromium] › tests/a11y.spec.ts:122:5 › workspace accessibility contract › passes an axe audit on /play (1.0s)
  ✓   12 [chromium] › tests/games.spec.ts:113:3 › master-game library and replay workspace › regroups the library when a facet is chosen (511ms)
  ✓   13 [chromium] › tests/board.spec.ts:156:5 › board presentation contract › keeps the DESIGN.md 2.2 frozen square fills byte-exact at 1280x800 (510ms)
  ✓   16 [chromium] › tests/layout.spec.ts:123:5 › responsive workspace shell geometry › top-aligns the board and the inspector at 1024x768 (196ms)
  ✓   15 [chromium] › tests/onboarding.spec.ts:157:5 › first-visit workspace guide › keeps every guide target at or above 44px at 375x812 (400ms)
  ✓   20 [chromium] › tests/board.spec.ts:177:3 › board presentation contract › holds one stable square through engine boot, with no layout shift (259ms)
  ✓   21 [chromium] › tests/layout.spec.ts:123:5 › responsive workspace shell geometry › top-aligns the board and the inspector at 1280x800 (288ms)
  ✓   22 [chromium] › tests/onboarding.spec.ts:131:5 › first-visit workspace guide › greets a first visit with a semantic modal dialog at 1440x1000 (324ms)
  ✓   19 [chromium] › tests/games.spec.ts:138:3 › master-game library and replay workspace › shows the selected game’s full context and swaps it on a new selection (567ms)
  ✓   24 [chromium] › tests/layout.spec.ts:123:5 › responsive workspace shell geometry › top-aligns the board and the inspector at 1440x1000 (290ms)
  ✓   17 [chromium] › tests/navigation.spec.ts:53:3 › workspace navigation accessibility › reaches every workspace by Tab and Enter and moves focus to its route heading (789ms)
  ✓   27 [chromium] › tests/layout.spec.ts:138:5 › responsive workspace shell geometry › fits the whole board on screen without scrolling at 1024x768 (215ms)
  ✓   18 [chromium] › tests/a11y.spec.ts:122:5 › workspace accessibility contract › passes an axe audit on /openings (958ms)
  ✓   25 [chromium] › tests/onboarding.spec.ts:157:5 › first-visit workspace guide › keeps every guide target at or above 44px at 1440x1000 (509ms)
  ✓   29 [chromium] › tests/layout.spec.ts:150:5 › responsive workspace shell geometry › centres a balanced single-column board at 768x900 (182ms)
  ✓   28 [chromium] › tests/navigation.spec.ts:66:5 › workspace navigation accessibility › has no horizontal overflow at 375px (416ms)
  ✓   23 [chromium] › tests/board.spec.ts:206:3 › board presentation contract › gives the selected square and its last move cues that survive without colour (908ms)
  ✓   31 [chromium] › tests/onboarding.spec.ts:177:3 › first-visit workspace guide › holds the board above y=560 while the guide is open at 375x812 (437ms)
  ✓   26 [chromium] › tests/games.spec.ts:168:3 › master-game library and replay workspace › plays the selected game through on the single mounted board (838ms)
  ✓   33 [chromium] › tests/navigation.spec.ts:66:5 › workspace navigation accessibility › has no horizontal overflow at 768px (398ms)
  ✓   32 [chromium] › tests/layout.spec.ts:163:5 › responsive workspace shell geometry › has zero horizontal overflow at 375x812 (456ms)
  ✓   30 [chromium] › tests/a11y.spec.ts:122:5 › workspace accessibility contract › passes an axe audit on /games (829ms)
  ✓   37 [chromium] › tests/navigation.spec.ts:66:5 › workspace navigation accessibility › has no horizontal overflow at 1280px (419ms)
  ✓   38 [chromium] › tests/layout.spec.ts:163:5 › responsive workspace shell geometry › has zero horizontal overflow at 390x844 (432ms)
  ✓   35 [chromium] › tests/onboarding.spec.ts:191:3 › first-visit workspace guide › moves focus into the guide, traps it, and restores it to the invoker on Escape (580ms)
  ✓    2 [chromium] › tests/feedback.spec.ts:112:3 › promotion is a named, keyboard-operable dialog that returns focus at 375px (3.4s)
  ✓   40 [chromium] › tests/navigation.spec.ts:75:3 › workspace navigation accessibility › applies safe-area padding through the marked navigation track (407ms)
  ✓   41 [chromium] › tests/layout.spec.ts:163:5 › responsive workspace shell geometry › has zero horizontal overflow at 768x900 (472ms)
  ✓   39 [chromium] › tests/a11y.spec.ts:122:5 › workspace accessibility contract › passes an axe audit on /study (793ms)
  ✓   42 [chromium] › tests/onboarding.spec.ts:220:3 › first-visit workspace guide › closes on a backdrop click and still returns focus to the invoker (589ms)
  ✓   44 [chromium] › tests/openings.spec.ts:71:3 › openings: discovery, then focused training › browsing and training are different surfaces, not one merged view (571ms)
  ✓   45 [chromium] › tests/layout.spec.ts:163:5 › responsive workspace shell geometry › has zero horizontal overflow at 1024x768 (470ms)
  ✓   47 [chromium] › tests/onboarding.spec.ts:237:3 › first-visit workspace guide › reopens from the header with the keyboard and returns focus there (571ms)
  ✓   46 [chromium] › tests/a11y.spec.ts:139:5 › workspace accessibility contract › exposes landmarks, one heading order, and a working skip link on /play (622ms)
  ✓   49 [chromium] › tests/layout.spec.ts:163:5 › responsive workspace shell geometry › has zero horizontal overflow at 1280x800 (503ms)
  ✓   48 [chromium] › tests/openings.spec.ts:96:3 › openings: discovery, then focused training › offers exactly one start-training action while browsing (518ms)
  ✓   34 [chromium] › tests/board.spec.ts:229:3 › board presentation contract › gives a king in check a double ring, not just a red square (2.2s)
  ✓   51 [chromium] › tests/a11y.spec.ts:139:5 › workspace accessibility contract › exposes landmarks, one heading order, and a working skip link on /openings (492ms)
  ✓   50 [chromium] › tests/onboarding.spec.ts:257:5 › first-visit workspace guide › on a touch phone › reopens from a touch tap at 375x812 (729ms)
  ✓   52 [chromium] › tests/layout.spec.ts:163:5 › responsive workspace shell geometry › has zero horizontal overflow at 1440x1000 (464ms)
  ✓   53 [chromium] › tests/openings.spec.ts:115:3 › openings: discovery, then focused training › an empty search explains itself and offers a way back (475ms)
  ✓   54 [chromium] › tests/board.spec.ts:242:3 › board presentation contract › gives a hint a dashed ring so it cannot be read as a selection (599ms)
  ✓   55 [chromium] › tests/a11y.spec.ts:139:5 › workspace accessibility contract › exposes landmarks, one heading order, and a working skip link on /games (472ms)
  ✓   57 [chromium] › tests/layout.spec.ts:177:3 › responsive workspace shell geometry › keeps every primary shell target at least 44px at 375x812 (469ms)
  ✓   56 [chromium] › tests/onboarding.spec.ts:271:3 › first-visit workspace guide › persists its dismissal across a reload and reopens on demand (514ms)
  ✓   58 [chromium] › tests/openings.spec.ts:137:3 › openings: discovery, then focused training › names the load as it happens instead of showing an empty panel (483ms)
  ✓   61 [chromium] › tests/layout.spec.ts:192:5 › responsive workspace shell geometry › keeps the GPL licence notice present and legible at 375x812 (188ms)
  ✓   60 [chromium] › tests/a11y.spec.ts:139:5 › workspace accessibility contract › exposes landmarks, one heading order, and a working skip link on /study (490ms)
  ✓   64 [chromium] › tests/layout.spec.ts:192:5 › responsive workspace shell geometry › keeps the GPL licence notice present and legible at 1280x800 (197ms)
  ✓   62 [chromium] › tests/onboarding.spec.ts:295:7 › first-visit workspace guide › navigates to Play from its guide choice at 375x812 (421ms)
  ✓   63 [chromium] › tests/openings.spec.ts:162:3 › openings: discovery, then focused training › reports a failed database load in plain language and retries (499ms)
  ✓   66 [chromium] › tests/layout.spec.ts:210:3 › responsive workspace shell geometry › holds the board above the threshold while the engine is still loading (186ms)
  ✓   59 [chromium] › tests/board.spec.ts:256:3 › board presentation contract › grades a reviewed move with a glyph, and announces browsing in words (1.0s)
  ✓   65 [chromium] › tests/a11y.spec.ts:167:3 › workspace accessibility contract › states the whole position, the turn and the instructions before a move is played (476ms)
  ✓   69 [chromium] › tests/layout.spec.ts:239:5 › responsive workspace shell geometry › holds its geometry under the longest status copy at 375x812 (191ms)
  ✓   67 [chromium] › tests/onboarding.spec.ts:295:7 › first-visit workspace guide › navigates to Openings from its guide choice at 375x812 (466ms)
  ✓   72 [chromium] › tests/layout.spec.ts:239:5 › responsive workspace shell geometry › holds its geometry under the longest status copy at 1280x800 (280ms)
  ✓   73 [chromium] › tests/onboarding.spec.ts:295:7 › first-visit workspace guide › navigates to Games from its guide choice at 375x812 (457ms)
  ✓   36 [chromium] › tests/games.spec.ts:193:3 › master-game library and replay workspace › keeps the game’s context and a stop control visible while replaying (4.4s)
  ✓   71 [chromium] › tests/a11y.spec.ts:189:3 › workspace accessibility contract › updates the accessible position after e4 (738ms)
  ✓   74 [chromium] › tests/play.spec.ts:88:3 › play workspace: one primary action and a readable hierarchy › offers exactly one primary call to action, and it is New game (418ms)
  ✓   43 [chromium] › tests/feedback.spec.ts:112:3 › promotion is a named, keyboard-operable dialog that returns focus at 1280px (3.6s)
  ✓   68 [chromium] › tests/openings.spec.ts:190:3 › openings: discovery, then focused training › a training session survives leaving the route and coming back (1.0s)
  ✓   75 [chromium] › tests/onboarding.spec.ts:295:7 › first-visit workspace guide › navigates to Study from its guide choice at 375x812 (422ms)
  ✓   78 [chromium] › tests/play.spec.ts:102:3 › play workspace: one primary action and a readable hierarchy › keeps flip and take back present but subordinate to New game (432ms)
  ✓   76 [chromium] › tests/games.spec.ts:216:3 › master-game library and replay workspace › never leaves a filtered-away selection on screen and offers a way back (552ms)
  ✓   80 [chromium] › tests/openings.spec.ts:213:3 › openings: discovery, then focused training › a hint is reachable inside training, and leaving returns to that opening (682ms)
  ✓   81 [chromium] › tests/onboarding.spec.ts:295:7 › first-visit workspace guide › navigates to Play from its guide choice at 1440x1000 (454ms)
  ✓   82 [chromium] › tests/play.spec.ts:115:3 › play workspace: one primary action and a readable hierarchy › separates the engine demonstrations from the setup flow (445ms)
  ✓   83 [chromium] › tests/games.spec.ts:254:3 › master-game library and replay workspace › repoints the selection when a narrowing filter drops the current game (513ms)
  ✓   79 [chromium] › tests/feedback.spec.ts:163:5 › toast › announces a clipboard success politely without moving focus at 375px (1.1s)
  ✓   85 [chromium] › tests/onboarding.spec.ts:295:7 › first-visit workspace guide › navigates to Openings from its guide choice at 1440x1000 (496ms)
  ✓   86 [chromium] › tests/play.spec.ts:130:3 › play workspace: one primary action and a readable hierarchy › labels every control it offers (443ms)
  ✓   84 [chromium] › tests/openings.spec.ts:235:3 › openings: discovery, then focused training › a training session ends when the board is taken by another route (667ms)
  ✓   87 [chromium] › tests/games.spec.ts:279:5 › master-game library and replay workspace › keeps every library control reachable and unclipped at 375x812 (505ms)
  ✓   70 [chromium] › tests/board.spec.ts:284:3 › board presentation contract › draws every board state with a different shape (2.3s)
  ✓   89 [chromium] › tests/onboarding.spec.ts:295:7 › first-visit workspace guide › navigates to Games from its guide choice at 1440x1000 (492ms)
  ✓   90 [chromium] › tests/play.spec.ts:158:3 › play workspace: one primary action and a readable hierarchy › announces a committed difficulty change without narrating every tick (447ms)
  ✓   77 [chromium] › tests/a11y.spec.ts:206:3 › workspace accessibility contract › announces a king in check in words, not only as a red square (1.9s)
  ✓   91 [chromium] › tests/openings.spec.ts:250:5 › openings: discovery, then focused training › keeps every openings state within 375px (531ms)
  ✓   93 [chromium] › tests/board.spec.ts:321:5 › board presentation contract › keeps coordinates and the evaluation readout legible at 375x812 (504ms)
  ✓   92 [chromium] › tests/games.spec.ts:279:5 › master-game library and replay workspace › keeps every library control reachable and unclipped at 768x1024 (646ms)
  ✓   88 [chromium] › tests/feedback.spec.ts:163:5 › toast › announces a clipboard success politely without moving focus at 1280px (1.1s)
  ✓   95 [chromium] › tests/play.spec.ts:173:3 › play workspace: one primary action and a readable hierarchy › renders no copy below the DESIGN.md 3.2 12px floor (488ms)
  ✓   94 [chromium] › tests/onboarding.spec.ts:295:7 › first-visit workspace guide › navigates to Study from its guide choice at 1440x1000 (569ms)
  ✓   97 [chromium] › tests/openings.spec.ts:250:5 › openings: discovery, then focused training › keeps every openings state within 768px (581ms)
  ✓   98 [chromium] › tests/board.spec.ts:321:5 › board presentation contract › keeps coordinates and the evaluation readout legible at 768x900 (559ms)
  ✓   99 [chromium] › tests/games.spec.ts:279:5 › master-game library and replay workspace › keeps every library control reachable and unclipped at 1280x800 (532ms)
  ✓  101 [chromium] › tests/play.spec.ts:195:3 › play workspace: one primary action and a readable hierarchy › keeps every target at least 44px at 375x812 (469ms)
  ✓  105 [chromium] › tests/routes.spec.ts:75:3 › routed persistent workspace › redirects the application root to the Play workspace (182ms)
  ✓  102 [chromium] › tests/onboarding.spec.ts:313:3 › first-visit workspace guide › explains a route that has nothing to show yet (593ms)
  ✓  107 [chromium] › tests/routes.spec.ts:83:5 › routed persistent workspace › deep-links to the Play workspace with route semantics (176ms)
  ✓  103 [chromium] › tests/openings.spec.ts:250:5 › openings: discovery, then focused training › keeps every openings state within 1280px (546ms)
  ✓  104 [chromium] › tests/board.spec.ts:321:5 › board presentation contract › keeps coordinates and the evaluation readout legible at 1024x768 (503ms)
  ✓  100 [chromium] › tests/feedback.spec.ts:202:3 › toast › announces a clipboard failure assertively, still without moving focus (935ms)
  ✓  106 [chromium] › tests/play.spec.ts:214:5 › play workspace: one primary action and a readable hierarchy › never overflows at 375x812 (440ms)
  ✓  109 [chromium] › tests/routes.spec.ts:91:5 › routed persistent workspace › preserves the Play workspace across a full refresh (226ms)
  ✓  114 [chromium] › tests/routes.spec.ts:83:5 › routed persistent workspace › deep-links to the Openings workspace with route semantics (220ms)
  ✓  111 [chromium] › tests/board.spec.ts:321:5 › board presentation contract › keeps coordinates and the evaluation readout legible at 1280x800 (509ms)
  ✓  113 [chromium] › tests/play.spec.ts:214:5 › play workspace: one primary action and a readable hierarchy › never overflows at 768x900 (481ms)
  ✓  110 [chromium] › tests/openings.spec.ts:268:3 › openings: discovery, then focused training › keeps every openings control at least 44px on the smallest phone (594ms)
  ✓  115 [chromium] › tests/routes.spec.ts:91:5 › routed persistent workspace › preserves the Openings workspace across a full refresh (238ms)
  ✓  119 [chromium] › tests/routes.spec.ts:83:5 › routed persistent workspace › deep-links to the Games workspace with route semantics (214ms)
  ✓  112 [chromium] › tests/feedback.spec.ts:238:3 › engine state › reports a boot failure in language and recovers through its own retry (912ms)
  ✓  120 [chromium] › tests/routes.spec.ts:91:5 › routed persistent workspace › preserves the Games workspace across a full refresh (209ms)
  ✓  117 [chromium] › tests/play.spec.ts:214:5 › play workspace: one primary action and a readable hierarchy › never overflows at 1280x800 (527ms)
  ✓  118 [chromium] › tests/openings.spec.ts:289:3 › openings: discovery, then focused training › renders no openings copy below the 12px type floor (627ms)
  ✓  122 [chromium] › tests/routes.spec.ts:83:5 › routed persistent workspace › deep-links to the Study workspace with route semantics (183ms)
  ✓  116 [chromium] › tests/board.spec.ts:348:3 › board presentation contract › keeps the whole board above the fold at 1024x768 (897ms)
  ✓  121 [chromium] › tests/feedback.spec.ts:264:3 › engine state › keeps the engine wait in the header, so the panel never shifts under the player (475ms)
  ✓  125 [chromium] › tests/routes.spec.ts:91:5 › routed persistent workspace › preserves the Study workspace across a full refresh (210ms)
  ✓  123 [chromium] › tests/play.spec.ts:232:3 › play workspace: one primary action and a readable hierarchy › keeps side, difficulty, and think time across a trip to Study and back (575ms)
  ✓  124 [chromium] › tests/study.spec.ts:112:3 › study: guided review beside open analysis › offers Review and Analysis as separate surfaces that never carry equal weight (491ms)
  ✓  126 [chromium] › tests/board.spec.ts:374:3 › board presentation contract › moves pieces and the evaluation on transform only (479ms)
  ✓  128 [chromium] › tests/routes.spec.ts:103:3 › routed persistent workspace › uses browser back and forward history between workspaces (513ms)
  ✓  127 [chromium] › tests/feedback.spec.ts:289:5 › empty and error states › a search with no results explains itself and offers a way out at 375px (538ms)
  ✓   96 [chromium] › tests/a11y.spec.ts:227:3 › workspace accessibility contract › updates the accessible position through a promotion (3.4s)
  ✓  129 [chromium] › tests/play.spec.ts:261:3 › play workspace: one primary action and a readable hierarchy › starts and stops a watched engine game from the demonstration surface (487ms)
  ✓  132 [chromium] › tests/routes.spec.ts:116:3 › routed persistent workspace › renders an unknown in-app path inside the application shell instead of a hard 404 (179ms)
  ✓  135 [chromium] › tests/workspace-regression.spec.ts:64:3 › workspace regression matrix › proves the first-use board leads instead of retaining the recorded pre-redesign geometry (207ms)
  ✓  133 [chromium] › tests/feedback.spec.ts:289:5 › empty and error states › a search with no results explains itself and offers a way out at 1280px (621ms)
  ✓  137 [chromium] › tests/workspace-regression.spec.ts:81:7 › workspace regression matrix › matches the stable Play workspace at mobile (248ms)
  ✓  131 [chromium] › tests/board.spec.ts:400:3 › board presentation contract › lights the board rim only while it is engaged (890ms)
  ✓  139 [chromium] › tests/workspace-regression.spec.ts:81:7 › workspace regression matrix › matches the stable Openings workspace at mobile (351ms)
  ✓  138 [chromium] › tests/feedback.spec.ts:307:3 › empty and error states › a fresh Study route reports its empty regions instead of rendering blanks (472ms)
  ✓  141 [chromium] › tests/workspace-regression.spec.ts:81:7 › workspace regression matrix › matches the stable Games workspace at mobile (264ms)
  ✓  143 [chromium] › tests/workspace-regression.spec.ts:81:7 › workspace regression matrix › matches the stable Study workspace at mobile (230ms)
  ✓  142 [chromium] › tests/feedback.spec.ts:318:3 › empty and error states › an unknown workspace path recovers through an empty state rather than a blank shell (523ms)
  ✓  134 [chromium] › tests/a11y.spec.ts:257:3 › workspace accessibility contract › follows the board back through history and into the live position (1.6s)
  ✓  140 [chromium] › tests/board.spec.ts:412:3 › board presentation contract › completes a drag move as well as a click move (992ms)
  ✓  144 [chromium] › tests/workspace-regression.spec.ts:81:7 › workspace regression matrix › matches the stable Play workspace at desktop (329ms)
  ✓  145 [chromium] › tests/feedback.spec.ts:332:3 › empty and error states › a failed opening database keeps its plain-language error and its retry (477ms)
  ✓  147 [chromium] › tests/board.spec.ts:425:5 › board presentation contract › under reduced motion › repositions the piece instantly instead of dropping the move (418ms)
  ✓  148 [chromium] › tests/workspace-regression.spec.ts:81:7 › workspace regression matrix › matches the stable Openings workspace at desktop (432ms)
  ✓  146 [chromium] › tests/a11y.spec.ts:279:3 › workspace accessibility contract › lets a keyboard-only player select a square and complete a move (708ms)
  ✓  150 [chromium] › tests/workspace-regression.spec.ts:81:7 › workspace regression matrix › matches the stable Games workspace at desktop (353ms)
  ✓  149 [chromium] › tests/feedback.spec.ts:350:3 › reduced motion › collapses every dialog and toast animation while keeping both legible (555ms)
  ✓  151 [chromium] › tests/a11y.spec.ts:305:3 › workspace accessibility contract › refuses an illegal instruction with a reason instead of silence (458ms)
  ✓  152 [chromium] › tests/workspace-regression.spec.ts:81:7 › workspace regression matrix › matches the stable Study workspace at desktop (308ms)
  ✓  130 [chromium] › tests/study.spec.ts:154:3 › study: guided review beside open analysis › walks a game through review, a stepped move, Explore, exit and Copy PGN (3.6s)
  ✓  153 [chromium] › tests/a11y.spec.ts:317:3 › workspace accessibility contract › gives every keyboard target a 44px hit area at 375x812 (435ms)
  ✓  136 [chromium] › tests/routes.spec.ts:127:3 › routed persistent workspace › keeps one board, the exact game, move history, and settings while routes change (3.3s)
  ✓  154 [chromium] › tests/workspace-regression.spec.ts:103:3 › workspace regression matrix › keeps an in-progress position through browser back and forward history (585ms)
  ✓  157 [chromium] › tests/workspace-regression.spec.ts:125:5 › workspace regression matrix › opens and escapes contextual help without focus loss on Play (193ms)
  ✓  158 [chromium] › tests/workspace-regression.spec.ts:125:5 › workspace regression matrix › opens and escapes contextual help without focus loss on Openings (205ms)
  ✓  156 [chromium] › tests/a11y.spec.ts:363:5 › workspace accessibility contract › keeps content and function at 1280x800 zoomed to 200% (639ms)
  ✓  159 [chromium] › tests/workspace-regression.spec.ts:125:5 › workspace regression matrix › opens and escapes contextual help without focus loss on Games (245ms)
  ✓  161 [chromium] › tests/workspace-regression.spec.ts:125:5 › workspace regression matrix › opens and escapes contextual help without focus loss on Study (198ms)
  ✓  162 [chromium] › tests/workspace-regression.spec.ts:138:5 › workspace regression matrix › contains Play under short-height long and empty-content stress (179ms)
  ✓  160 [chromium] › tests/a11y.spec.ts:363:5 › workspace accessibility contract › keeps content and function at the WCAG 1.4.10 reflow floor of 320 CSS px (626ms)
  ✓  163 [chromium] › tests/workspace-regression.spec.ts:138:5 › workspace regression matrix › contains Openings under short-height long and empty-content stress (174ms)
  ✓  165 [chromium] › tests/workspace-regression.spec.ts:138:5 › workspace regression matrix › contains Games under short-height long and empty-content stress (182ms)
  ✓  166 [chromium] › tests/workspace-regression.spec.ts:138:5 › workspace regression matrix › contains Study under short-height long and empty-content stress (190ms)
  ✓  164 [chromium] › tests/a11y.spec.ts:383:3 › workspace accessibility contract › keeps the selection, last move and check distinguishable by shape (685ms)
  ✓  167 [chromium] › tests/a11y.spec.ts:408:5 › workspace accessibility contract › under reduced motion › collapses every animation and loses no state (317ms)
  ✓  168 [chromium] › tests/a11y.spec.ts:442:3 › workspace accessibility contract › never displaces the board with the accessible surface (394ms)
  ✓  155 [chromium] › tests/study.spec.ts:198:3 › study: guided review beside open analysis › keeps the reviewed position while the chosen surface changes (3.5s)
  ✓  169 [chromium] › tests/study.spec.ts:218:3 › study: guided review beside open analysis › drives the sub-navigation from the keyboard alone (416ms)
  ✓  170 [chromium] › tests/study.spec.ts:243:3 › study: guided review beside open analysis › fits 375px with every study target at least 44px (403ms)
  ✓  108 [chromium] › tests/smoke.spec.ts:9:1 › P3 mode-model smoke (54.5s)

  170 passed (1.1m)

> test:e2e:showcase
> playwright test --config=playwright.showcase.config.ts


Running 3 tests using 1 worker

  ✓  1 tests/showcase.spec.ts:54:3 › dev-only primitive showcase remains accessible at 375px (1.4s)
  ✓  2 tests/showcase.spec.ts:54:3 › dev-only primitive showcase remains accessible at 768px (1.2s)
  ✓  3 tests/showcase.spec.ts:54:3 › dev-only primitive showcase remains accessible at 1280px (1.2s)

  3 passed (4.5s)
